Copyright 1986-2022 Xilinx, Inc. All Rights Reserved. Copyright 2022-2026 Advanced Micro Devices, Inc. All Rights Reserved.
---------------------------------------------------------------------------------------------------------------------------------------------
| Tool Version : Vivado v.2025.2.1 (lin64) Build 6403652 Thu Mar 19 13:47:00 MDT 2026
| Date         : Thu Sep 24 16:04:28 2026
| Host         : gaphs16.portoalegre.pucrsnet.br running 64-bit Rocky Linux release 8.10 (Green Obsidian)
| Command      : report_control_sets -verbose -file ps2_display7seg_control_sets_placed.rpt
| Design       : ps2_display7seg
| Device       : xc7a100t
---------------------------------------------------------------------------------------------------------------------------------------------

Control Set Information

Table of Contents
-----------------
1. Summary
2. Histogram
3. Flip-Flop Distribution
4. Detailed Control Set Information

1. Summary
----------

+----------------------------------------------------------+-------+
|                          Status                          | Count |
+----------------------------------------------------------+-------+
| Total control sets                                       |    14 |
|    Minimum number of control sets                        |    14 |
|    Addition due to synthesis replication                 |     0 |
|    Addition due to physical synthesis replication        |     0 |
| Unused register locations in slices containing registers |    68 |
+----------------------------------------------------------+-------+
* Control sets can be merged at opt_design using control_set_merge or merge_equivalent_drivers
** Run report_qor_suggestions for automated merging and remapping suggestions


2. Histogram
------------

+--------------------+-------+
|       Fanout       | Count |
+--------------------+-------+
| Total control sets |    14 |
| >= 0 to < 4        |     9 |
| >= 4 to < 6        |     1 |
| >= 6 to < 8        |     0 |
| >= 8 to < 10       |     2 |
| >= 10 to < 12      |     0 |
| >= 12 to < 14      |     0 |
| >= 14 to < 16      |     0 |
| >= 16              |     2 |
+--------------------+-------+
* Control sets can be remapped at either synth_design or opt_design


3. Flip-Flop Distribution
-------------------------

+--------------+-----------------------+------------------------+-----------------+--------------+
| Clock Enable | Synchronous Set/Reset | Asynchronous Set/Reset | Total Registers | Total Slices |
+--------------+-----------------------+------------------------+-----------------+--------------+
| No           | No                    | No                     |               3 |            2 |
| No           | No                    | Yes                    |              10 |            4 |
| No           | Yes                   | No                     |              32 |            8 |
| Yes          | No                    | No                     |              23 |           11 |
| Yes          | No                    | Yes                    |             512 |          149 |
| Yes          | Yes                   | No                     |               0 |            0 |
+--------------+-----------------------+------------------------+-----------------+--------------+


4. Detailed Control Set Information
-----------------------------------

+-----------------------------+---------------------+--------------------------------+------------------+----------------+--------------+
|         Clock Signal        |    Enable Signal    |        Set/Reset Signal        | Slice Load Count | Bel Load Count | Bels / Slice |
+-----------------------------+---------------------+--------------------------------+------------------+----------------+--------------+
| ~ps2_clk_IBUF_BUFG          | cont_data_inst/E[7] |                                |                1 |              1 |         1.00 |
| ~ps2_clk_IBUF_BUFG          | cont_data_inst/E[1] |                                |                1 |              1 |         1.00 |
| ~ps2_clk_IBUF_BUFG          | cont_data_inst/E[0] |                                |                1 |              1 |         1.00 |
| ~ps2_clk_IBUF_BUFG          | cont_data_inst/E[5] |                                |                1 |              1 |         1.00 |
| ~ps2_clk_IBUF_BUFG          | cont_data_inst/E[4] |                                |                1 |              1 |         1.00 |
| ~ps2_clk_IBUF_BUFG          | cont_data_inst/E[2] |                                |                1 |              1 |         1.00 |
|  divisor_clock_inst/clk_out |                     | rst_IBUF                       |                1 |              3 |         3.00 |
|  clk_IBUF_BUFG              |                     |                                |                2 |              3 |         1.50 |
|  clk_IBUF_BUFG              |                     | rst_IBUF                       |                1 |              3 |         3.00 |
|  ps2_clk_IBUF_BUFG          |                     | cont_data_inst/cont[3]_i_2_n_0 |                2 |              4 |         2.00 |
| ~ps2_clk_IBUF_BUFG          | cont_data_inst/E[3] |                                |                2 |              8 |         4.00 |
| ~ps2_clk_IBUF_BUFG          | cont_data_inst/E[6] |                                |                3 |              9 |         3.00 |
|  clk_IBUF_BUFG              |                     | divisor_clock_inst/clear       |                8 |             32 |         4.00 |
|  clk_IBUF_BUFG              | borda_ps2/E[0]      | rst_IBUF                       |              149 |            512 |         3.44 |
+-----------------------------+---------------------+--------------------------------+------------------+----------------+--------------+


